// Jest Snapshot v1, https://goo.gl/fbAQLP

exports[`Package Selected Packages show selected packages 1`] = `
<div
  className="ant-list ant-list-split ant-list-grid css-dev-only-do-not-override-p7e5j5"
  style={Object {}}
>
  <div
    className="ant-spin-nested-loading css-dev-only-do-not-override-p7e5j5"
  >
    <div
      className="ant-spin-container"
    >
      <div
        className="ant-row css-dev-only-do-not-override-p7e5j5"
        style={
          Object {
            "marginLeft": -8,
            "marginRight": -8,
            "rowGap": undefined,
          }
        }
      >
        <div
          style={
            Object {
              "maxWidth": "100%",
              "width": "100%",
            }
          }
        >
          <div
            className="ant-col css-dev-only-do-not-override-p7e5j5"
            style={
              Object {
                "flex": "1 1 auto",
                "paddingLeft": 8,
                "paddingRight": 8,
              }
            }
          >
            <div
              className="ant-list-item"
            >
              <div
                className="ant-card ant-card-bordered css-dev-only-do-not-override-p7e5j5"
                onClick={[Function]}
                style={Object {}}
              >
                <div
                  className="ant-card-cover"
                >
                  <div
                    className="ant-image css-dev-only-do-not-override-p7e5j5"
                    style={
                      Object {
                        "height": 50,
                        "width": 50,
                      }
                    }
                  >
                    <img
                      className="ant-image-img css-dev-only-do-not-override-p7e5j5"
                      height={50}
                      onLoad={[Function]}
                      src="i1"
                      style={
                        Object {
                          "height": 50,
                        }
                      }
                      width={50}
                    />
                  </div>
                </div>
                <div
                  className="ant-card-body"
                  style={
                    Object {
                      "padding": "0px",
                    }
                  }
                >
                  <div
                    className="ant-card-meta"
                  >
                    <div
                      className="ant-card-meta-detail"
                    >
                      <div
                        className="ant-card-meta-title"
                      >
                        <span
                          style={
                            Object {
                              "whiteSpace": "normal",
                              "wordBreak": "break-all",
                              "wordWrap": "break-word",
                            }
                          }
                        >
                          p1
                        </span>
                      </div>
                    </div>
                  </div>
                </div>
              </div>
            </div>
          </div>
        </div>
        <div
          style={
            Object {
              "maxWidth": "100%",
              "width": "100%",
            }
          }
        >
          <div
            className="ant-col css-dev-only-do-not-override-p7e5j5"
            style={
              Object {
                "flex": "1 1 auto",
                "paddingLeft": 8,
                "paddingRight": 8,
              }
            }
          >
            <div
              className="ant-list-item"
            >
              <div
                className="ant-card ant-card-bordered css-dev-only-do-not-override-p7e5j5"
                onClick={[Function]}
                style={Object {}}
              >
                <div
                  className="ant-card-cover"
                >
                  <div
                    className="ant-image css-dev-only-do-not-override-p7e5j5"
                    style={
                      Object {
                        "height": 50,
                        "width": 50,
                      }
                    }
                  >
                    <img
                      className="ant-image-img css-dev-only-do-not-override-p7e5j5"
                      height={50}
                      onLoad={[Function]}
                      src="i2"
                      style={
                        Object {
                          "height": 50,
                        }
                      }
                      width={50}
                    />
                  </div>
                </div>
                <div
                  className="ant-card-body"
                  style={
                    Object {
                      "padding": "0px",
                    }
                  }
                >
                  <div
                    className="ant-card-meta"
                  >
                    <div
                      className="ant-card-meta-detail"
                    >
                      <div
                        className="ant-card-meta-title"
                      >
                        <span
                          style={
                            Object {
                              "whiteSpace": "normal",
                              "wordBreak": "break-all",
                              "wordWrap": "break-word",
                            }
                          }
                        >
                          p2
                        </span>
                      </div>
                    </div>
                  </div>
                </div>
              </div>
            </div>
          </div>
        </div>
      </div>
    </div>
  </div>
</div>
`;
