// Jest Snapshot v1, https://goo.gl/fbAQLP

exports[`CanvasController add canvas 1`] = `
Array [
  <button
    className="ant-btn ant-btn-default"
    disabled={false}
    onClick={[Function]}
    type="button"
  >
    <span>
      加入Canvas
    </span>
  </button>,
  <div
    className="ant-list ant-list-split"
  >
    <div
      className="ant-spin-nested-loading"
    >
      <div
        className="ant-spin-container"
      >
        <ul
          className="ant-list-items"
        >
          <li
            className="ant-list-item"
          >
            <input
              className="ant-input"
              onBlur={[Function]}
              onChange={[Function]}
              onFocus={[Function]}
              onKeyDown={[Function]}
              type="text"
              value="0"
            />
            <input
              className="ant-input"
              onBlur={[Function]}
              onChange={[Function]}
              onFocus={[Function]}
              onKeyDown={[Function]}
              type="text"
              value="0"
            />
          </li>
          <li
            className="ant-list-item"
          >
            <input
              className="ant-input"
              onBlur={[Function]}
              onChange={[Function]}
              onFocus={[Function]}
              onKeyDown={[Function]}
              type="text"
              value="0"
            />
            <input
              className="ant-input"
              onBlur={[Function]}
              onChange={[Function]}
              onFocus={[Function]}
              onKeyDown={[Function]}
              type="text"
              value="0"
            />
          </li>
        </ul>
      </div>
    </div>
  </div>,
]
`;
