// Jest Snapshot v1, https://goo.gl/fbAQLP

exports[`Selected UIControls show selected hierachy uiControls 1`] = `
<div
  className="ant-tree"
  role="tree"
>
  <div>
    <input
      aria-label="for screen reader"
      disabled={false}
      onBlur={[Function]}
      onChange={[Function]}
      onFocus={[Function]}
      onKeyDown={[Function]}
      style={
        Object {
          "border": 0,
          "display": "flex",
          "height": 0,
          "margin": 0,
          "opacity": 0,
          "overflow": "hidden",
          "padding": 0,
          "width": 0,
        }
      }
      tabIndex={0}
      value=""
    />
  </div>
  <div
    aria-hidden={true}
    className="ant-tree-treenode"
    style={
      Object {
        "height": 0,
        "overflow": "hidden",
        "pointerEvents": "none",
        "position": "absolute",
        "visibility": "hidden",
      }
    }
  >
    <div
      className="ant-tree-indent"
    >
      <div
        className="ant-tree-indent-unit"
      />
    </div>
  </div>
  <div
    className="ant-tree-list"
    style={
      Object {
        "position": "relative",
      }
    }
  >
    <div
      className="ant-tree-list-holder"
      onScroll={[Function]}
      style={null}
    >
      <div
        style={Object {}}
      >
        <div
          className="ant-tree-list-holder-inner"
          style={
            Object {
              "display": "flex",
              "flexDirection": "column",
            }
          }
        >
          <div
            aria-grabbed={false}
            className="ant-tree-treenode ant-tree-treenode-switcher-open ant-tree-treenode-leaf-last"
            draggable={false}
            onMouseMove={[Function]}
          >
            <span
              aria-hidden="true"
              className="ant-tree-indent"
            />
            <span
              className="ant-tree-switcher ant-tree-switcher_open"
              onClick={[Function]}
            >
              <span
                aria-label="caret-down"
                className="anticon anticon-caret-down ant-tree-switcher-icon"
                role="img"
              >
                <svg
                  aria-hidden="true"
                  data-icon="caret-down"
                  fill="currentColor"
                  focusable="false"
                  height="1em"
                  viewBox="0 0 1024 1024"
                  width="1em"
                >
                  <path
                    d="M840.4 300H183.6c-19.7 0-30.7 20.8-18.5 35l328.4 380.8c9.4 10.9 27.5 10.9 37 0L858.9 335c12.2-14.2 1.2-35-18.5-35z"
                  />
                </svg>
              </span>
            </span>
            <span
              className="ant-tree-node-content-wrapper ant-tree-node-content-wrapper-open"
              onClick={[Function]}
              onContextMenu={[Function]}
              onDoubleClick={[Function]}
              onMouseEnter={[Function]}
              onMouseLeave={[Function]}
              title="root"
            >
              <span
                className="ant-tree-iconEle ant-tree-icon__open"
              />
              <span
                className="ant-tree-title"
              >
                root
              </span>
            </span>
          </div>
          <div
            aria-grabbed={false}
            className="ant-tree-treenode ant-tree-treenode-switcher-close ant-tree-treenode-leaf-last"
            draggable={false}
            onMouseMove={[Function]}
          >
            <span
              aria-hidden="true"
              className="ant-tree-indent"
            >
              <span
                className="ant-tree-indent-unit ant-tree-indent-unit-start ant-tree-indent-unit-end"
              />
            </span>
            <span
              className="ant-tree-switcher ant-tree-switcher_close"
              onClick={[Function]}
            >
              <span
                aria-label="caret-down"
                className="anticon anticon-caret-down ant-tree-switcher-icon"
                role="img"
              >
                <svg
                  aria-hidden="true"
                  data-icon="caret-down"
                  fill="currentColor"
                  focusable="false"
                  height="1em"
                  viewBox="0 0 1024 1024"
                  width="1em"
                >
                  <path
                    d="M840.4 300H183.6c-19.7 0-30.7 20.8-18.5 35l328.4 380.8c9.4 10.9 27.5 10.9 37 0L858.9 335c12.2-14.2 1.2-35-18.5-35z"
                  />
                </svg>
              </span>
            </span>
            <span
              className="ant-tree-node-content-wrapper ant-tree-node-content-wrapper-close"
              onClick={[Function]}
              onContextMenu={[Function]}
              onDoubleClick={[Function]}
              onMouseEnter={[Function]}
              onMouseLeave={[Function]}
              title="u1"
            >
              <span
                className="ant-tree-iconEle ant-tree-icon__customize"
              >
                <img
                  src="i1"
                  style={
                    Object {
                      "height": "20px",
                      "width": "20px",
                    }
                  }
                />
              </span>
              <span
                className="ant-tree-title"
              >
                u1
              </span>
            </span>
          </div>
        </div>
      </div>
    </div>
  </div>
</div>
`;
