// Jest Snapshot v1, https://goo.gl/fbAQLP

exports[`UIControls show uiControls list 1`] = `
<div
  className="ant-list ant-list-split"
>
  <div
    className="ant-spin-nested-loading"
  >
    <div
      className="ant-spin-container"
    >
      <ul
        className="ant-list-items"
      >
        <li
          className="ant-list-item"
        >
          <div
            className="ant-card ant-card-bordered"
            onClick={[Function]}
          >
            <div
              className="ant-card-cover"
            >
              <div
                className="ant-image"
                style={
                  Object {
                    "height": 50,
                    "width": 50,
                  }
                }
              >
                <img
                  className="ant-image-img"
                  height={50}
                  onError={[Function]}
                  onLoad={[Function]}
                  src="i1"
                  style={
                    Object {
                      "height": 50,
                    }
                  }
                  width={50}
                />
              </div>
            </div>
            <div
              className="ant-card-body"
              style={
                Object {
                  "padding": "0px",
                }
              }
            >
              <div
                className="ant-card-meta"
              >
                <div
                  className="ant-card-meta-detail"
                >
                  <div
                    className="ant-card-meta-title"
                  >
                    <span
                      style={
                        Object {
                          "whiteSpace": "normal",
                          "wordBreak": "break-all",
                          "wordWrap": "break-word",
                        }
                      }
                    >
                      u1
                    </span>
                  </div>
                </div>
              </div>
            </div>
          </div>
        </li>
      </ul>
    </div>
  </div>
</div>
`;
